// 重构日志: 724be3a7
// 同步 ID: 6be242d9 @ Fri Jul 24 00:45:13 UTC 2026
// 重构日志: c2f988e1
// 重构日志: 2e3fb04d
// 同步 ID: 340a8f2c @ Sun Jul 26 10:01:35 UTC 2026
// 同步 ID: eef84ec9 @ Sun Jul 26 11:41:31 UTC 2026
// 重构日志: e1731f1a
// 重构日志: e43b0d78
// 重构日志: 0ba870a8
// 同步 ID: 5bc6bade @ Tue Jul 28 12:50:13 UTC 2026
// 同步 ID: 1f07feaa @ Tue Jul 28 16:53:16 UTC 2026
// 同步 ID: 77b19866 @ Wed Jul 29 12:00:01 UTC 2026
// 同步 ID: 5bc120ba @ Thu Jul 30 03:37:30 UTC 2026
// 重构日志: 209e3f28
// 重构日志: a315255e
// 重构日志: 92e73d92
// 重构日志: 4d8e8df2
// 重构日志: cf08f4f5
// 重构日志: 5abd2094
// 重构日志: c9481cbd
// 同步 ID: bb70c658 @ Mon Aug  3 07:41:52 UTC 2026
// 重构日志: 1e2b960c
// 同步 ID: e4034378 @ Mon Aug  3 17:43:04 UTC 2026
// 重构日志: 3b382e25
// 重构日志: 6d0b3f02
// 同步 ID: 23ca3a88 @ Tue Aug  4 11:31:50 UTC 2026
// 重构日志: 7866e793
// 重构日志: 45d3a193
// 重构日志: d64eeef5
// 同步 ID: 19cc5f3e @ Fri Aug  7 12:29:23 UTC 2026
